\BOOKMARK [0][]{section*.1}{\376\377\000D\000e\000d\000i\000c\000a\000t\000i\000o\000n}{}% 1
\BOOKMARK [0][]{chapter*.2}{\376\377\000A\000c\000k\000n\000o\000w\000l\000e\000d\000g\000m\000e\000n\000t\000s}{}% 2
\BOOKMARK [0][]{chapter*.3}{\376\377\000R\000\351\000s\000u\000m\000\351}{}% 3
\BOOKMARK [0][]{chapter*.4}{\376\377\000S\000u\000m\000m\000a\000r\000y}{}% 4
\BOOKMARK [0][]{section*.5}{\376\377\000L\000i\000s\000t\000\040\000o\000f\000\040\000F\000i\000g\000u\000r\000e\000s}{}% 5
\BOOKMARK [0][]{section*.6}{\376\377\000L\000i\000s\000t\000\040\000o\000f\000\040\000T\000a\000b\000l\000e\000s}{}% 6
\BOOKMARK [0][]{section*.7}{\376\377\000L\000i\000s\000t\000\040\000o\000f\000\040\000L\000i\000s\000t\000i\000n\000g\000s}{}% 7
\BOOKMARK [0][]{chapter.1}{\376\377\0001\000\040\000G\000e\000n\000e\000r\000a\000l\000\040\000C\000o\000n\000t\000e\000x\000t}{}% 8
\BOOKMARK [1][]{section.1.1}{\376\377\0001\000.\0001\000\040\000I\000n\000t\000r\000o\000d\000u\000c\000t\000i\000o\000n}{chapter.1}% 9
\BOOKMARK [1][]{section.1.2}{\376\377\0001\000.\0002\000\040\000P\000r\000e\000s\000e\000n\000t\000a\000t\000i\000o\000n\000\040\000o\000f\000\040\000t\000h\000e\000\040\000H\000o\000s\000t\000\040\000O\000r\000g\000a\000n\000i\000z\000a\000t\000i\000o\000n}{chapter.1}% 10
\BOOKMARK [2][]{subsection.1.2.1}{\376\377\0001\000.\0002\000.\0001\000\040\000O\000r\000a\000c\000l\000e\000\040\000C\000o\000r\000p\000o\000r\000a\000t\000i\000o\000n}{section.1.2}% 11
\BOOKMARK [2][]{subsection.1.2.2}{\376\377\0001\000.\0002\000.\0002\000\040\000O\000r\000a\000c\000l\000e\000\040\000M\000o\000r\000o\000c\000c\000o\000\040\000R\000\046\000D\000\040\000C\000e\000n\000t\000e\000r}{section.1.2}% 12
\BOOKMARK [2][]{subsection.1.2.3}{\376\377\0001\000.\0002\000.\0003\000\040\000B\000u\000s\000i\000n\000e\000s\000s\000\040\000A\000r\000e\000a\000\040\000o\000f\000\040\000A\000c\000t\000i\000v\000i\000t\000y}{section.1.2}% 13
\BOOKMARK [3][]{subsubsection.1.2.3.1}{\376\377\0001\000.\0002\000.\0003\000.\0001\000\040\000O\000r\000a\000c\000l\000e\000\040\000M\000o\000r\000o\000c\000c\000o\000\040\000R\000\046\000D\000\040\000C\000e\000n\000t\000e\000r\000\040\000L\000i\000n\000e\000s\000\040\000o\000f\000\040\000B\000u\000s\000i\000n\000e\000s\000s\000e\000s\000\040\000\050\000L\000O\000B\000s\000\051}{subsection.1.2.3}% 14
\BOOKMARK [4][]{paragraph.1.2.3.1.1}{\376\377\0001\000.\0002\000.\0003\000.\0001\000.\0001\000\040\000O\000r\000a\000c\000l\000e\000\040\000A\000P\000E\000X}{subsubsection.1.2.3.1}% 15
\BOOKMARK [4][]{paragraph.1.2.3.1.2}{\376\377\0001\000.\0002\000.\0003\000.\0001\000.\0002\000\040\000O\000r\000a\000c\000l\000e\000\040\000H\000e\000a\000l\000t\000h\000\040\000a\000n\000d\000\040\000A\000r\000t\000i\000f\000i\000c\000i\000a\000l\000\040\000I\000n\000t\000e\000l\000l\000i\000g\000e\000n\000c\000e}{subsubsection.1.2.3.1}% 16
\BOOKMARK [4][]{paragraph.1.2.3.1.3}{\376\377\0001\000.\0002\000.\0003\000.\0001\000.\0003\000\040\000O\000r\000a\000c\000l\000e\000\040\000L\000i\000n\000u\000x}{subsubsection.1.2.3.1}% 17
\BOOKMARK [4][]{paragraph.1.2.3.1.4}{\376\377\0001\000.\0002\000.\0003\000.\0001\000.\0004\000\040\000O\000r\000a\000c\000l\000e\000\040\000N\000e\000t\000S\000u\000i\000t\000e}{subsubsection.1.2.3.1}% 18
\BOOKMARK [4][]{paragraph.1.2.3.1.5}{\376\377\0001\000.\0002\000.\0003\000.\0001\000.\0005\000\040\000O\000r\000a\000c\000l\000e\000\040\000D\000a\000t\000a\000b\000a\000s\000e\000\040\000D\000e\000v\000e\000l\000o\000p\000m\000e\000n\000t\000\040\000T\000o\000o\000l\000s}{subsubsection.1.2.3.1}% 19
\BOOKMARK [4][]{paragraph.1.2.3.1.6}{\376\377\0001\000.\0002\000.\0003\000.\0001\000.\0006\000\040\000F\000u\000s\000i\000o\000n\000\040\000E\000R\000P}{subsubsection.1.2.3.1}% 20
\BOOKMARK [4][]{paragraph.1.2.3.1.7}{\376\377\0001\000.\0002\000.\0003\000.\0001\000.\0007\000\040\000O\000r\000a\000c\000l\000e\000\040\000A\000n\000a\000l\000y\000t\000i\000c\000s}{subsubsection.1.2.3.1}% 21
\BOOKMARK [4][]{paragraph.1.2.3.1.8}{\376\377\0001\000.\0002\000.\0003\000.\0001\000.\0008\000\040\000O\000r\000a\000c\000l\000e\000\040\000C\000l\000o\000u\000d\000\040\000I\000n\000f\000r\000a\000s\000t\000r\000u\000c\000t\000u\000r\000e}{subsubsection.1.2.3.1}% 22
\BOOKMARK [4][]{paragraph.1.2.3.1.9}{\376\377\0001\000.\0002\000.\0003\000.\0001\000.\0009\000\040\000O\000r\000a\000c\000l\000e\000\040\000D\000i\000g\000i\000t\000a\000l\000\040\000G\000o\000v\000e\000r\000n\000m\000e\000n\000t\000\040\000G\000r\000o\000u\000p}{subsubsection.1.2.3.1}% 23
\BOOKMARK [4][]{paragraph.1.2.3.1.10}{\376\377\0001\000.\0002\000.\0003\000.\0001\000.\0001\0000\000\040\000O\000r\000a\000c\000l\000e\000\040\000J\000a\000v\000a\000\040\000P\000l\000a\000t\000f\000o\000r\000m\000\040\000G\000r\000o\000u\000p}{subsubsection.1.2.3.1}% 24
\BOOKMARK [2][]{subsection.1.2.4}{\376\377\0001\000.\0002\000.\0004\000\040\000O\000r\000g\000a\000n\000i\000z\000a\000t\000i\000o\000n\000a\000l\000\040\000S\000t\000r\000u\000c\000t\000u\000r\000e}{section.1.2}% 25
\BOOKMARK [2][]{subsection.1.2.5}{\376\377\0001\000.\0002\000.\0005\000\040\000O\000r\000g\000a\000n\000i\000z\000a\000t\000i\000o\000n\000a\000l\000\040\000C\000u\000l\000t\000u\000r\000e}{section.1.2}% 26
\BOOKMARK [1][]{section.1.3}{\376\377\0001\000.\0003\000\040\000T\000o\000p\000i\000c\000\040\000C\000o\000n\000t\000e\000x\000t}{chapter.1}% 27
\BOOKMARK [2][]{subsection.1.3.1}{\376\377\0001\000.\0003\000.\0001\000\040\000G\000e\000n\000e\000r\000a\000l\000\040\000C\000o\000n\000t\000e\000x\000t\000\040\000o\000f\000\040\000t\000h\000e\000\040\000P\000r\000o\000j\000e\000c\000t}{section.1.3}% 28
\BOOKMARK [2][]{subsection.1.3.2}{\376\377\0001\000.\0003\000.\0002\000\040\000P\000r\000o\000b\000l\000e\000m\000a\000t\000i\000c}{section.1.3}% 29
\BOOKMARK [2][]{subsection.1.3.3}{\376\377\0001\000.\0003\000.\0003\000\040\000S\000o\000l\000u\000t\000i\000o\000n}{section.1.3}% 30
\BOOKMARK [1][]{section.1.4}{\376\377\0001\000.\0004\000\040\000C\000o\000n\000c\000l\000u\000s\000i\000o\000n}{chapter.1}% 31
\BOOKMARK [0][]{chapter.2}{\376\377\0002\000\040\000L\000i\000t\000e\000r\000a\000t\000u\000r\000e\000\040\000R\000e\000v\000i\000e\000w}{}% 32
\BOOKMARK [1][]{section.2.1}{\376\377\0002\000.\0001\000\040\000I\000n\000t\000r\000o\000d\000u\000c\000t\000i\000o\000n}{chapter.2}% 33
\BOOKMARK [1][]{section.2.2}{\376\377\0002\000.\0002\000\040\000R\000e\000m\000o\000t\000e\000\040\000S\000e\000n\000s\000i\000n\000g\000\040\000F\000u\000n\000d\000a\000m\000e\000n\000t\000a\000l\000s}{chapter.2}% 34
\BOOKMARK [2][]{subsection.2.2.1}{\376\377\0002\000.\0002\000.\0001\000\040\000E\000l\000e\000c\000t\000r\000o\000m\000a\000g\000n\000e\000t\000i\000c\000\040\000S\000p\000e\000c\000t\000r\000u\000m}{section.2.2}% 35
\BOOKMARK [2][]{subsection.2.2.2}{\376\377\0002\000.\0002\000.\0002\000\040\000I\000n\000t\000e\000r\000a\000c\000t\000i\000o\000n\000\040\000w\000i\000t\000h\000\040\000E\000a\000r\000t\000h\000'\000s\000\040\000S\000u\000r\000f\000a\000c\000e}{section.2.2}% 36
\BOOKMARK [2][]{subsection.2.2.3}{\376\377\0002\000.\0002\000.\0003\000\040\000R\000e\000m\000o\000t\000e\000\040\000S\000e\000n\000s\000i\000n\000g\000\040\000A\000p\000p\000l\000i\000c\000a\000t\000i\000o\000n\000s\000\040\000i\000n\000\040\000A\000g\000r\000i\000c\000u\000l\000t\000u\000r\000e}{section.2.2}% 37
\BOOKMARK [1][]{section.2.3}{\376\377\0002\000.\0003\000\040\000S\000e\000n\000t\000i\000n\000e\000l\000-\0002\000\040\000S\000a\000t\000e\000l\000l\000i\000t\000e\000\040\000I\000m\000a\000g\000e\000r\000y}{chapter.2}% 38
\BOOKMARK [2][]{subsection.2.3.1}{\376\377\0002\000.\0003\000.\0001\000\040\000O\000v\000e\000r\000v\000i\000e\000w\000\040\000o\000f\000\040\000t\000h\000e\000\040\000S\000e\000n\000t\000i\000n\000e\000l\000-\0002\000\040\000M\000i\000s\000s\000i\000o\000n}{section.2.3}% 39
\BOOKMARK [2][]{subsection.2.3.2}{\376\377\0002\000.\0003\000.\0002\000\040\000S\000p\000e\000c\000t\000r\000a\000l\000\040\000B\000a\000n\000d\000s\000\040\000a\000n\000d\000\040\000A\000g\000r\000i\000c\000u\000l\000t\000u\000r\000a\000l\000\040\000A\000p\000p\000l\000i\000c\000a\000t\000i\000o\000n\000s}{section.2.3}% 40
\BOOKMARK [2][]{subsection.2.3.3}{\376\377\0002\000.\0003\000.\0003\000\040\000S\000p\000a\000t\000i\000a\000l\000\040\000I\000n\000d\000e\000x\000i\000n\000g\000\040\000a\000n\000d\000\040\000D\000a\000t\000a\000\040\000O\000r\000g\000a\000n\000i\000s\000a\000t\000i\000o\000n}{section.2.3}% 41
\BOOKMARK [3][]{subsubsection.2.3.3.1}{\376\377\0002\000.\0003\000.\0003\000.\0001\000\040\000T\000h\000e\000\040\000S\000e\000n\000t\000i\000n\000e\000l\000-\0002\000\040\000T\000i\000l\000e\000\040\000S\000y\000s\000t\000e\000m\000\040\000a\000n\000d\000\040\000M\000G\000R\000S\000\040\000G\000r\000i\000d}{subsection.2.3.3}% 42
\BOOKMARK [3][]{subsubsection.2.3.3.2}{\376\377\0002\000.\0003\000.\0003\000.\0002\000\040\000Q\000u\000a\000d\000k\000e\000y\000\040\000H\000i\000e\000r\000a\000r\000c\000h\000i\000c\000a\000l\000\040\000I\000n\000d\000e\000x\000i\000n\000g}{subsection.2.3.3}% 43
\BOOKMARK [1][]{section.2.4}{\376\377\0002\000.\0004\000\040\000C\000r\000o\000p\000\040\000P\000h\000e\000n\000o\000l\000o\000g\000y}{chapter.2}% 44
\BOOKMARK [2][]{subsection.2.4.1}{\376\377\0002\000.\0004\000.\0001\000\040\000P\000h\000e\000n\000o\000l\000o\000g\000i\000c\000a\000l\000\040\000C\000y\000c\000l\000e\000s\000\040\000a\000n\000d\000\040\000T\000e\000m\000p\000o\000r\000a\000l\000\040\000P\000r\000o\000f\000i\000l\000e\000s}{section.2.4}% 45
\BOOKMARK [2][]{subsection.2.4.2}{\376\377\0002\000.\0004\000.\0002\000\040\000C\000r\000o\000p\000\040\000C\000a\000l\000e\000n\000d\000a\000r\000\040\000i\000n\000\040\000R\000w\000a\000n\000d\000a}{section.2.4}% 46
\BOOKMARK [1][]{section.2.5}{\376\377\0002\000.\0005\000\040\000L\000i\000t\000e\000r\000a\000t\000u\000r\000e\000\040\000R\000e\000v\000i\000e\000w}{chapter.2}% 47
\BOOKMARK [2][]{subsection.2.5.1}{\376\377\0002\000.\0005\000.\0001\000\040\000S\000n\000a\000p\000s\000h\000o\000t\000-\000B\000a\000s\000e\000d\000\040\000A\000p\000p\000r\000o\000a\000c\000h\000e\000s}{section.2.5}% 48
\BOOKMARK [3][]{subsubsection.2.5.1.1}{\376\377\0002\000.\0005\000.\0001\000.\0001\000\040\000T\000r\000a\000d\000i\000t\000i\000o\000n\000a\000l\000\040\000M\000a\000c\000h\000i\000n\000e\000\040\000L\000e\000a\000r\000n\000i\000n\000g\000\040\000a\000n\000d\000\040\000E\000n\000s\000e\000m\000b\000l\000e\000\040\000M\000e\000t\000h\000o\000d\000s}{subsection.2.5.1}% 49
\BOOKMARK [3][]{subsubsection.2.5.1.2}{\376\377\0002\000.\0005\000.\0001\000.\0002\000\040\000D\000e\000e\000p\000\040\000L\000e\000a\000r\000n\000i\000n\000g\000\040\000M\000e\000t\000h\000o\000d\000s\000\040\000f\000o\000r\000\040\000S\000p\000a\000t\000i\000a\000l\000\040\000C\000l\000a\000s\000s\000i\000f\000i\000c\000a\000t\000i\000o\000n}{subsection.2.5.1}% 50
\BOOKMARK [3][]{subsubsection.2.5.1.3}{\376\377\0002\000.\0005\000.\0001\000.\0003\000\040\000C\000h\000a\000l\000l\000e\000n\000g\000e\000s\000\040\000a\000n\000d\000\040\000L\000i\000m\000i\000t\000a\000t\000i\000o\000n\000s}{subsection.2.5.1}% 51
\BOOKMARK [2][]{subsection.2.5.2}{\376\377\0002\000.\0005\000.\0002\000\040\000T\000i\000m\000e\000-\000S\000e\000r\000i\000e\000s\000\040\000B\000a\000s\000e\000d\000\040\000A\000p\000p\000r\000o\000a\000c\000h\000e\000s}{section.2.5}% 52
\BOOKMARK [3][]{subsubsection.2.5.2.1}{\376\377\0002\000.\0005\000.\0002\000.\0001\000\040\000C\000l\000a\000s\000s\000i\000c\000a\000l\000\040\000T\000i\000m\000e\000-\000S\000e\000r\000i\000e\000s\000\040\000C\000l\000a\000s\000s\000i\000f\000i\000c\000a\000t\000i\000o\000n}{subsection.2.5.2}% 53
\BOOKMARK [3][]{subsubsection.2.5.2.2}{\376\377\0002\000.\0005\000.\0002\000.\0002\000\040\000D\000e\000e\000p\000\040\000L\000e\000a\000r\000n\000i\000n\000g\000\040\000f\000o\000r\000\040\000T\000i\000m\000e\000-\000S\000e\000r\000i\000e\000s\000:\000\040\000L\000S\000T\000M\000\040\000a\000n\000d\000\040\000G\000R\000U}{subsection.2.5.2}% 54
\BOOKMARK [3][]{subsubsection.2.5.2.3}{\376\377\0002\000.\0005\000.\0002\000.\0003\000\040\000P\000h\000e\000n\000o\000l\000o\000g\000y\000-\000B\000a\000s\000e\000d\000\040\000T\000e\000m\000p\000o\000r\000a\000l\000\040\000C\000l\000a\000s\000s\000i\000f\000i\000c\000a\000t\000i\000o\000n}{subsection.2.5.2}% 55
\BOOKMARK [2][]{subsection.2.5.3}{\376\377\0002\000.\0005\000.\0003\000\040\000C\000o\000m\000p\000a\000r\000a\000t\000i\000v\000e\000\040\000A\000n\000a\000l\000y\000s\000i\000s\000\040\000a\000n\000d\000\040\000P\000o\000s\000i\000t\000i\000o\000n\000i\000n\000g\000\040\000o\000f\000\040\000O\000u\000r\000\040\000W\000o\000r\000k}{section.2.5}% 56
\BOOKMARK [1][]{section.2.6}{\376\377\0002\000.\0006\000\040\000C\000o\000n\000c\000l\000u\000s\000i\000o\000n}{chapter.2}% 57
\BOOKMARK [0][]{chapter.3}{\376\377\0003\000\040\000M\000e\000t\000h\000o\000d\000o\000l\000o\000g\000y\000\040\000a\000n\000d\000\040\000D\000e\000s\000i\000g\000n}{}% 58
\BOOKMARK [1][]{section.3.1}{\376\377\0003\000.\0001\000\040\000S\000e\000c\000t\000i\000o\000n\000\040\000O\000n\000e}{chapter.3}% 59
\BOOKMARK [2][]{subsection.3.1.1}{\376\377\0003\000.\0001\000.\0001\000\040\000S\000u\000b\000s\000e\000c\000t\000i\000o\000n\000\040\000O\000n\000e}{section.3.1}% 60
\BOOKMARK [2][]{subsection.3.1.2}{\376\377\0003\000.\0001\000.\0002\000\040\000S\000u\000b\000s\000e\000c\000t\000i\000o\000n\000\040\000T\000w\000o}{section.3.1}% 61
\BOOKMARK [3][]{subsubsection.3.1.2.1}{\376\377\0003\000.\0001\000.\0002\000.\0001\000\040\000S\000u\000b\000s\000u\000b\000s\000e\000c\000t\000i\000o\000n\000\040\000O\000n\000e}{subsection.3.1.2}% 62
\BOOKMARK [3][]{subsubsection.3.1.2.2}{\376\377\0003\000.\0001\000.\0002\000.\0002\000\040\000S\000u\000b\000s\000u\000b\000s\000e\000c\000t\000i\000o\000n\000\040\000T\000w\000o}{subsection.3.1.2}% 63
\BOOKMARK [4][]{paragraph.3.1.2.2.1}{\376\377\0003\000.\0001\000.\0002\000.\0002\000.\0001\000\040\000P\000a\000r\000a\000g\000r\000a\000p\000h\000\040\000a}{subsubsection.3.1.2.2}% 64
\BOOKMARK [4][]{paragraph.3.1.2.2.2}{\376\377\0003\000.\0001\000.\0002\000.\0002\000.\0002\000\040\000P\000a\000r\000a\000g\000r\000a\000p\000h\000\040\000b}{subsubsection.3.1.2.2}% 65
\BOOKMARK [1][]{section.3.2}{\376\377\0003\000.\0002\000\040\000S\000e\000c\000t\000i\000o\000n\000\040\000T\000w\000o}{chapter.3}% 66
\BOOKMARK [2][]{subsection.3.2.1}{\376\377\0003\000.\0002\000.\0001\000\040\000S\000u\000b\000s\000e\000c\000t\000i\000o\000n\000\040\000O\000n\000e}{section.3.2}% 67
\BOOKMARK [2][]{subsection.3.2.2}{\376\377\0003\000.\0002\000.\0002\000\040\000S\000u\000b\000s\000e\000c\000t\000i\000o\000n\000\040\000T\000w\000o}{section.3.2}% 68
\BOOKMARK [3][]{subsubsection.3.2.2.1}{\376\377\0003\000.\0002\000.\0002\000.\0001\000\040\000S\000u\000b\000s\000u\000b\000s\000e\000c\000t\000i\000o\000n\000\040\000O\000n\000e}{subsection.3.2.2}% 69
\BOOKMARK [3][]{subsubsection.3.2.2.2}{\376\377\0003\000.\0002\000.\0002\000.\0002\000\040\000S\000u\000b\000s\000u\000b\000s\000e\000c\000t\000i\000o\000n\000\040\000T\000w\000o}{subsection.3.2.2}% 70
\BOOKMARK [4][]{paragraph.3.2.2.2.1}{\376\377\0003\000.\0002\000.\0002\000.\0002\000.\0001\000\040\000P\000a\000r\000a\000g\000r\000a\000p\000h\000\040\000a}{subsubsection.3.2.2.2}% 71
\BOOKMARK [4][]{paragraph.3.2.2.2.2}{\376\377\0003\000.\0002\000.\0002\000.\0002\000.\0002\000\040\000P\000a\000r\000a\000g\000r\000a\000p\000h\000\040\000b}{subsubsection.3.2.2.2}% 72
\BOOKMARK [0][]{chapter.4}{\376\377\0004\000\040\000I\000m\000p\000l\000e\000m\000e\000n\000t\000a\000t\000i\000o\000n\000\040\000a\000n\000d\000\040\000R\000e\000s\000u\000l\000t\000s}{}% 73
\BOOKMARK [1][]{section.4.1}{\376\377\0004\000.\0001\000\040\000S\000e\000c\000t\000i\000o\000n\000\040\000O\000n\000e}{chapter.4}% 74
\BOOKMARK [2][]{subsection.4.1.1}{\376\377\0004\000.\0001\000.\0001\000\040\000S\000u\000b\000s\000e\000c\000t\000i\000o\000n\000\040\000O\000n\000e}{section.4.1}% 75
\BOOKMARK [2][]{subsection.4.1.2}{\376\377\0004\000.\0001\000.\0002\000\040\000S\000u\000b\000s\000e\000c\000t\000i\000o\000n\000\040\000T\000w\000o}{section.4.1}% 76
\BOOKMARK [3][]{subsubsection.4.1.2.1}{\376\377\0004\000.\0001\000.\0002\000.\0001\000\040\000S\000u\000b\000s\000u\000b\000s\000e\000c\000t\000i\000o\000n\000\040\000O\000n\000e}{subsection.4.1.2}% 77
\BOOKMARK [3][]{subsubsection.4.1.2.2}{\376\377\0004\000.\0001\000.\0002\000.\0002\000\040\000S\000u\000b\000s\000u\000b\000s\000e\000c\000t\000i\000o\000n\000\040\000T\000w\000o}{subsection.4.1.2}% 78
\BOOKMARK [4][]{paragraph.4.1.2.2.1}{\376\377\0004\000.\0001\000.\0002\000.\0002\000.\0001\000\040\000P\000a\000r\000a\000g\000r\000a\000p\000h\000\040\000a}{subsubsection.4.1.2.2}% 79
\BOOKMARK [4][]{paragraph.4.1.2.2.2}{\376\377\0004\000.\0001\000.\0002\000.\0002\000.\0002\000\040\000P\000a\000r\000a\000g\000r\000a\000p\000h\000\040\000b}{subsubsection.4.1.2.2}% 80
\BOOKMARK [1][]{section.4.2}{\376\377\0004\000.\0002\000\040\000S\000e\000c\000t\000i\000o\000n\000\040\000T\000w\000o}{chapter.4}% 81
\BOOKMARK [2][]{subsection.4.2.1}{\376\377\0004\000.\0002\000.\0001\000\040\000S\000u\000b\000s\000e\000c\000t\000i\000o\000n\000\040\000O\000n\000e}{section.4.2}% 82
\BOOKMARK [2][]{subsection.4.2.2}{\376\377\0004\000.\0002\000.\0002\000\040\000S\000u\000b\000s\000e\000c\000t\000i\000o\000n\000\040\000T\000w\000o}{section.4.2}% 83
\BOOKMARK [3][]{subsubsection.4.2.2.1}{\376\377\0004\000.\0002\000.\0002\000.\0001\000\040\000S\000u\000b\000s\000u\000b\000s\000e\000c\000t\000i\000o\000n\000\040\000O\000n\000e}{subsection.4.2.2}% 84
\BOOKMARK [3][]{subsubsection.4.2.2.2}{\376\377\0004\000.\0002\000.\0002\000.\0002\000\040\000S\000u\000b\000s\000u\000b\000s\000e\000c\000t\000i\000o\000n\000\040\000T\000w\000o}{subsection.4.2.2}% 85
\BOOKMARK [4][]{paragraph.4.2.2.2.1}{\376\377\0004\000.\0002\000.\0002\000.\0002\000.\0001\000\040\000P\000a\000r\000a\000g\000r\000a\000p\000h\000\040\000a}{subsubsection.4.2.2.2}% 86
\BOOKMARK [4][]{paragraph.4.2.2.2.2}{\376\377\0004\000.\0002\000.\0002\000.\0002\000.\0002\000\040\000P\000a\000r\000a\000g\000r\000a\000p\000h\000\040\000b}{subsubsection.4.2.2.2}% 87
\BOOKMARK [0][]{chapter.5}{\376\377\0005\000\040\000E\000v\000a\000l\000u\000a\000t\000i\000o\000n\000\040\000a\000n\000d\000\040\000D\000i\000s\000c\000u\000s\000s\000i\000o\000n}{}% 88
\BOOKMARK [1][]{section.5.1}{\376\377\0005\000.\0001\000\040\000S\000e\000c\000t\000i\000o\000n\000\040\000O\000n\000e}{chapter.5}% 89
\BOOKMARK [2][]{subsection.5.1.1}{\376\377\0005\000.\0001\000.\0001\000\040\000S\000u\000b\000s\000e\000c\000t\000i\000o\000n\000\040\000O\000n\000e}{section.5.1}% 90
\BOOKMARK [2][]{subsection.5.1.2}{\376\377\0005\000.\0001\000.\0002\000\040\000S\000u\000b\000s\000e\000c\000t\000i\000o\000n\000\040\000T\000w\000o}{section.5.1}% 91
\BOOKMARK [3][]{subsubsection.5.1.2.1}{\376\377\0005\000.\0001\000.\0002\000.\0001\000\040\000S\000u\000b\000s\000u\000b\000s\000e\000c\000t\000i\000o\000n\000\040\000O\000n\000e}{subsection.5.1.2}% 92
\BOOKMARK [3][]{subsubsection.5.1.2.2}{\376\377\0005\000.\0001\000.\0002\000.\0002\000\040\000S\000u\000b\000s\000u\000b\000s\000e\000c\000t\000i\000o\000n\000\040\000T\000w\000o}{subsection.5.1.2}% 93
\BOOKMARK [4][]{paragraph.5.1.2.2.1}{\376\377\0005\000.\0001\000.\0002\000.\0002\000.\0001\000\040\000P\000a\000r\000a\000g\000r\000a\000p\000h\000\040\000a}{subsubsection.5.1.2.2}% 94
\BOOKMARK [4][]{paragraph.5.1.2.2.2}{\376\377\0005\000.\0001\000.\0002\000.\0002\000.\0002\000\040\000P\000a\000r\000a\000g\000r\000a\000p\000h\000\040\000b}{subsubsection.5.1.2.2}% 95
\BOOKMARK [1][]{section.5.2}{\376\377\0005\000.\0002\000\040\000S\000e\000c\000t\000i\000o\000n\000\040\000T\000w\000o}{chapter.5}% 96
\BOOKMARK [2][]{subsection.5.2.1}{\376\377\0005\000.\0002\000.\0001\000\040\000S\000u\000b\000s\000e\000c\000t\000i\000o\000n\000\040\000O\000n\000e}{section.5.2}% 97
\BOOKMARK [2][]{subsection.5.2.2}{\376\377\0005\000.\0002\000.\0002\000\040\000S\000u\000b\000s\000e\000c\000t\000i\000o\000n\000\040\000T\000w\000o}{section.5.2}% 98
\BOOKMARK [3][]{subsubsection.5.2.2.1}{\376\377\0005\000.\0002\000.\0002\000.\0001\000\040\000S\000u\000b\000s\000u\000b\000s\000e\000c\000t\000i\000o\000n\000\040\000O\000n\000e}{subsection.5.2.2}% 99
\BOOKMARK [3][]{subsubsection.5.2.2.2}{\376\377\0005\000.\0002\000.\0002\000.\0002\000\040\000S\000u\000b\000s\000u\000b\000s\000e\000c\000t\000i\000o\000n\000\040\000T\000w\000o}{subsection.5.2.2}% 100
\BOOKMARK [4][]{paragraph.5.2.2.2.1}{\376\377\0005\000.\0002\000.\0002\000.\0002\000.\0001\000\040\000P\000a\000r\000a\000g\000r\000a\000p\000h\000\040\000a}{subsubsection.5.2.2.2}% 101
\BOOKMARK [4][]{paragraph.5.2.2.2.2}{\376\377\0005\000.\0002\000.\0002\000.\0002\000.\0002\000\040\000P\000a\000r\000a\000g\000r\000a\000p\000h\000\040\000b}{subsubsection.5.2.2.2}% 102
\BOOKMARK [0][]{chapter*.21}{\376\377\000G\000e\000n\000e\000r\000a\000l\000\040\000C\000o\000n\000c\000l\000u\000s\000i\000o\000n\000\040\000a\000n\000d\000\040\000P\000e\000r\000s\000p\000e\000c\000t\000i\000v\000e\000s}{}% 103
\BOOKMARK [0][]{appendix.A}{\376\377\000A\000\040\000G\000l\000o\000s\000s\000a\000r\000y}{}% 104
\BOOKMARK [0][]{appendix.B}{\376\377\000B\000\040\000A\000c\000r\000o\000n\000y\000m\000s}{}% 105
\BOOKMARK [0][]{appendix.C}{\376\377\000C\000\040\000S\000u\000p\000p\000l\000e\000m\000e\000n\000t\000a\000r\000y\000\040\000M\000a\000t\000e\000r\000i\000a\000l}{}% 106
\BOOKMARK [0][]{section*.22}{\376\377\000B\000i\000b\000l\000i\000o\000g\000r\000a\000p\000h\000y}{}% 107
